// Jest Snapshot v1, https://goo.gl/fbAQLP

exports[`node_helper data fetching sends response via socket to module on success 1`] = `
{
  "area": {
    "code": "DEU",
    "flag": "https://crests.football-data.org/759.svg",
    "id": 2088,
    "name": "Germany",
  },
  "competition": {
    "code": "BL1",
    "emblem": "https://crests.football-data.org/BL1.png",
    "id": 2002,
    "name": "Bundesliga",
    "type": "LEAGUE",
  },
  "filters": {
    "season": "2023",
  },
  "season": {
    "currentMatchday": 22,
    "endDate": "2024-05-18",
    "id": 1592,
    "startDate": "2023-08-18",
    "winner": null,
  },
  "standings": [
    {
      "group": null,
      "stage": "REGULAR_SEASON",
      "table": [
        {
          "draw": 4,
          "form": null,
          "goalDifference": 42,
          "goalsAgainst": 15,
          "goalsFor": 57,
          "lost": 0,
          "playedGames": 22,
          "points": 58,
          "position": 1,
          "team": {
            "crest": "https://crests.football-data.org/3.png",
            "id": 3,
            "name": "Bayer 04 Leverkusen",
            "shortName": "Leverkusen",
            "tla": "B04",
          },
          "won": 18,
        },
        {
          "draw": 2,
          "form": null,
          "goalDifference": 36,
          "goalsAgainst": 25,
          "goalsFor": 61,
          "lost": 4,
          "playedGames": 22,
          "points": 50,
          "position": 2,
          "team": {
            "crest": "https://crests.football-data.org/5.svg",
            "id": 5,
            "name": "FC Bayern München",
            "shortName": "Bayern",
            "tla": "FCB",
          },
          "won": 16,
        },
        {
          "draw": 1,
          "form": null,
          "goalDifference": 23,
          "goalsAgainst": 28,
          "goalsFor": 51,
          "lost": 6,
          "playedGames": 22,
          "points": 46,
          "position": 3,
          "team": {
            "crest": "https://crests.football-data.org/10.png",
            "id": 10,
            "name": "VfB Stuttgart",
            "shortName": "Stuttgart",
            "tla": "VFB",
          },
          "won": 15,
        },
        {
          "draw": 8,
          "form": null,
          "goalDifference": 17,
          "goalsAgainst": 27,
          "goalsFor": 44,
          "lost": 3,
          "playedGames": 22,
          "points": 41,
          "position": 4,
          "team": {
            "crest": "https://crests.football-data.org/4.png",
            "id": 4,
            "name": "Borussia Dortmund",
            "shortName": "Dortmund",
            "tla": "BVB",
          },
          "won": 11,
        },
        {
          "draw": 4,
          "form": null,
          "goalDifference": 20,
          "goalsAgainst": 28,
          "goalsFor": 48,
          "lost": 6,
          "playedGames": 22,
          "points": 40,
          "position": 5,
          "team": {
            "crest": "https://crests.football-data.org/721.png",
            "id": 721,
            "name": "RB Leipzig",
            "shortName": "RB Leipzig",
            "tla": "RBL",
          },
          "won": 12,
        },
        {
          "draw": 9,
          "form": null,
          "goalDifference": 6,
          "goalsAgainst": 28,
          "goalsFor": 34,
          "lost": 5,
          "playedGames": 22,
          "points": 33,
          "position": 6,
          "team": {
            "crest": "https://crests.football-data.org/19.svg",
            "id": 19,
            "name": "Eintracht Frankfurt",
            "shortName": "Frankfurt",
            "tla": "SGE",
          },
          "won": 8,
        },
        {
          "draw": 5,
          "form": null,
          "goalDifference": -3,
          "goalsAgainst": 34,
          "goalsFor": 31,
          "lost": 9,
          "playedGames": 22,
          "points": 29,
          "position": 7,
          "team": {
            "crest": "https://crests.football-data.org/12.svg",
            "id": 12,
            "name": "SV Werder Bremen",
            "shortName": "Bremen",
            "tla": "SVW",
          },
          "won": 8,
        },
        {
          "draw": 5,
          "form": null,
          "goalDifference": -11,
          "goalsAgainst": 40,
          "goalsFor": 29,
          "lost": 9,
          "playedGames": 22,
          "points": 29,
          "position": 8,
          "team": {
            "crest": "https://crests.football-data.org/17.svg",
            "id": 17,
            "name": "SC Freiburg",
            "shortName": "Freiburg",
            "tla": "SCF",
          },
          "won": 8,
        },
        {
          "draw": 6,
          "form": null,
          "goalDifference": -3,
          "goalsAgainst": 41,
          "goalsFor": 38,
          "lost": 9,
          "playedGames": 22,
          "points": 27,
          "position": 9,
          "team": {
            "crest": "https://crests.football-data.org/2.png",
            "id": 2,
            "name": "TSG 1899 Hoffenheim",
            "shortName": "Hoffenheim",
            "tla": "TSG",
          },
          "won": 7,
        },
        {
          "draw": 6,
          "form": null,
          "goalDifference": -7,
          "goalsAgainst": 38,
          "goalsFor": 31,
          "lost": 9,
          "playedGames": 22,
          "points": 27,
          "position": 10,
          "team": {
            "crest": "https://crests.football-data.org/44.svg",
            "id": 44,
            "name": "1. FC Heidenheim 1846",
            "shortName": "Heidenheim",
            "tla": "HEI",
          },
          "won": 7,
        },
        {
          "draw": 10,
          "form": null,
          "goalDifference": -15,
          "goalsAgainst": 41,
          "goalsFor": 26,
          "lost": 7,
          "playedGames": 22,
          "points": 25,
          "position": 11,
          "team": {
            "crest": "https://crests.football-data.org/36.png",
            "id": 36,
            "name": "VfL Bochum 1848",
            "shortName": "Bochum",
            "tla": "BOC",
          },
          "won": 5,
        },
        {
          "draw": 6,
          "form": null,
          "goalDifference": -8,
          "goalsAgainst": 34,
          "goalsFor": 26,
          "lost": 10,
          "playedGames": 22,
          "points": 24,
          "position": 12,
          "team": {
            "crest": "https://crests.football-data.org/11.svg",
            "id": 11,
            "name": "VfL Wolfsburg",
            "shortName": "Wolfsburg",
            "tla": "WOB",
          },
          "won": 6,
        },
        {
          "draw": 3,
          "form": null,
          "goalDifference": -14,
          "goalsAgainst": 35,
          "goalsFor": 21,
          "lost": 12,
          "playedGames": 22,
          "points": 24,
          "position": 13,
          "team": {
            "crest": "https://crests.football-data.org/28.svg",
            "id": 28,
            "name": "1. FC Union Berlin",
            "shortName": "Union Berlin",
            "tla": "UNB",
          },
          "won": 7,
        },
        {
          "draw": 8,
          "form": null,
          "goalDifference": -9,
          "goalsAgainst": 40,
          "goalsFor": 31,
          "lost": 9,
          "playedGames": 22,
          "points": 23,
          "position": 14,
          "team": {
            "crest": "https://crests.football-data.org/16.png",
            "id": 16,
            "name": "FC Augsburg",
            "shortName": "Augsburg",
            "tla": "FCA",
          },
          "won": 5,
        },
        {
          "draw": 7,
          "form": null,
          "goalDifference": -7,
          "goalsAgainst": 43,
          "goalsFor": 36,
          "lost": 10,
          "playedGames": 22,
          "points": 22,
          "position": 15,
          "team": {
            "crest": "https://crests.football-data.org/18.png",
            "id": 18,
            "name": "Borussia Mönchengladbach",
            "shortName": "M'gladbach",
            "tla": "BMG",
          },
          "won": 5,
        },
        {
          "draw": 7,
          "form": null,
          "goalDifference": -21,
          "goalsAgainst": 36,
          "goalsFor": 15,
          "lost": 12,
          "playedGames": 22,
          "points": 16,
          "position": 16,
          "team": {
            "crest": "https://crests.football-data.org/1.png",
            "id": 1,
            "name": "1. FC Köln",
            "shortName": "1. FC Köln",
            "tla": "KOE",
          },
          "won": 3,
        },
        {
          "draw": 9,
          "form": null,
          "goalDifference": -18,
          "goalsAgainst": 35,
          "goalsFor": 17,
          "lost": 11,
          "playedGames": 22,
          "points": 15,
          "position": 17,
          "team": {
            "crest": "https://crests.football-data.org/15.png",
            "id": 15,
            "name": "1. FSV Mainz 05",
            "shortName": "Mainz",
            "tla": "M05",
          },
          "won": 2,
        },
        {
          "draw": 6,
          "form": null,
          "goalDifference": -28,
          "goalsAgainst": 51,
          "goalsFor": 23,
          "lost": 14,
          "playedGames": 22,
          "points": 12,
          "position": 18,
          "team": {
            "crest": "https://crests.football-data.org/55.png",
            "id": 55,
            "name": "SV Darmstadt 98",
            "shortName": "Darmstadt",
            "tla": "SVD",
          },
          "won": 2,
        },
      ],
      "type": "TOTAL",
    },
  ],
}
`;
